// Jest Snapshot v1, https://goo.gl/fbAQLP

exports[`should render expense list items with expenses 1`] = `
<div>
  <Link
    to="/edit/1"
  >
    <h3>
      Coffee
    </h3>
  </Link>
  <p>
    Date: 
    0
     | Amount:
    250
  </p>
</div>
`;
